// Jest Snapshot v1, https://goo.gl/fbAQLP

exports[`matches snapshot 1 1`] = `
<div>
  <div
    className="flexi"
  >
    <img
      alt="covid19-logo"
      className="img"
      src="https://images.unsplash.com/photo-1584573062918-ad06605b3635?ixlib=rb-1.2.1&ixid=eyJhcHBfaWQiOjEyMDd9&auto=format&fit=crop&w=1050&q=80"
    />
    <h1
      className="h1"
    />
  </div>
  <div
    className="cases"
  >
    <div
      className="first"
    >
      <h5
        className="odd"
        data-testid="total"
      >
        Total Cases:
        <span
          className="num"
        />
      </h5>
      <h5
        className="even"
      >
        <span
          className="red"
        >
          Total Deaths: 
        </span>
        <span
          className="num"
        />
      </h5>
      <h5
        className="odd"
      >
        <span
          className="green"
        >
          Total Tests: 
        </span>
        <span
          className="num"
        />
      </h5>
      <h5
        className="even"
      >
        Active Cases:
        <span
          className="num"
        >
           
           
        </span>
      </h5>
    </div>
    <div
      className="second"
    >
      <h5
        className="odd"
      >
        <span
          className="red"
        >
          Today's Cases:
        </span>
        <span
          className="num"
        />
      </h5>
      <h5
        className="odd"
      >
        <span
          className="red"
        >
          Today's Deaths: 
        </span>
        <span
          className="num"
        />
      </h5>
      <h5
        className="even"
      >
        <span
          className="green"
        >
           Recovered: 
        </span>
        <span
          className="num"
        >
           
           
        </span>
      </h5>
      <h5
        className="even"
      >
        <span
          className="red"
        >
          Critical Cases: 
        </span>
        <span
          className="num"
        />
      </h5>
    </div>
  </div>
  <div
    className="btn"
  >
    <a
      href="/"
      onClick={[Function]}
    >
       
      <button
        className="btn btn-primary"
        type="button"
      >
        Back
      </button>
       
    </a>
  </div>
</div>
`;
